======================================================================
≡ƒº¬ VIDEO CALLING PLATFORM - COMPREHENSIVE FUNCTIONALITY TEST
======================================================================

≡ƒôè Test 1: Backend Health Check
Γ£à Health Check: PASSED Status: {'status': 'healthy', 'environment': 'local'}

≡ƒæñ Test 2: User Registration
Γ£à User Registration: PASSED User: test1762018882@test.com

≡ƒöÉ Test 3: User Login
Γ£à User Login: PASSED Token received

≡ƒæÑ Test 4: Get Current User Profile
Γ£à Get User Profile: PASSED User: test1762018882@test.com

≡ƒô╣ Test 5: Create Video Meeting
Γ£à Create Meeting: PASSED Room Code: None

≡ƒôï Test 6: Get Meeting Details
Γ£à Get Meeting Details: PASSED Title: Test Video Call

≡ƒÜ¬ Test 7: Join Meeting
Γ£à Join Meeting: PASSED Successfully joined

≡ƒæÑ Test 8: Get Meeting Participants
Γ£à Get Participants: PASSED Count: 1

≡ƒöî Test 9: WebSocket Connection

[DEBUG] WebSocket Access Token: eyJhbGciOiJIUzI1NiIsInR5cCI6IkpXVCJ9.eyJzdWIiOiJhMTZkMWRmMi04Yjk5LTRmMjYtOWY1OS04ZDhjNWMzMGIzNGQiLCJ0eXBlIjoiYWNjZXNzIiwiZXhwIjoxNzYyMDIyNDkwfQ.hwmunPTCY2ba61-P-8qION3_bt7Yi65GJ1hRvhdqWek
Γ£à WebSocket Connection: PASSED Connected successfully

≡ƒÆ¼ Test 10: WebSocket Message (Chat)
Γ£à WebSocket Send Message: PASSED Chat message sent

≡ƒô¿ Test 11: WebSocket Receive
Γ£à WebSocket Receive: PASSED Received: {"type": "meeting_joined", "meeting_id": "5bba0856...

≡ƒÄÑ Test 12: Video/Audio Settings
Γ£à Video/Audio Settings: PASSED Video: False, Audio: False

ΓÜÖ∩╕Å  Test 13: Update Media Settings
Γ£à Update Media Settings: PASSED Settings updated

≡ƒÜ¬ Test 14: Leave Meeting
Γ£à Leave Meeting: PASSED Left successfully

≡ƒôï Test 15: List User Meetings
Γ£à List Meetings: PASSED Found 2 meetings

======================================================================
≡ƒôè TEST SUMMARY
======================================================================
Γ£à Passed: 15/15
Γ¥î Failed: 0/15
ΓÜá∩╕Å  Warnings: 0

======================================================================
Γ£à ALL CRITICAL FEATURES WORKING
≡ƒÄë READY FOR CUSTOMER DEPLOYMENT!
